// Jest Snapshot v1, https://goo.gl/fbAQLP

exports[`Pruebas en Home Screen should  1`] = `
<div>
  <h1>
    HomeScreen
  </h1>
  <hr />
  <pre>
    {
   "name": "Fer",
   "email": "Cris@cis.cl"
}
  </pre>
</div>
`;
